components/dashboard/FollowButton.tsx(5,32): error TS2307: Cannot find module '@/providers/userContext' or its corresponding type declarations.
components/dashboard/ProfileHeader.tsx(3,32): error TS2307: Cannot find module '@/providers/userContext' or its corresponding type declarations.
components/modals/OutfitCreateModal/index.tsx(10,32): error TS2307: Cannot find module '@/providers/userContext' or its corresponding type declarations.
components/modals/ProfileEditModal.tsx(6,32): error TS2307: Cannot find module '@/providers/userContext' or its corresponding type declarations.
components/modals/ReportPostModal.tsx(4,32): error TS2307: Cannot find module '@/providers/userContext' or its corresponding type declarations.
components/outfit-constructor/ChatHeader.tsx(4,32): error TS2307: Cannot find module '@/providers/userContext' or its corresponding type declarations.
components/outfit-detail/OutfitDetailImages.tsx(3,32): error TS2307: Cannot find module '@/providers/userContext' or its corresponding type declarations.
components/outfits/CommentItem.tsx(6,14): error TS2304: Cannot find name 'CommentData'.
components/outfits/CommentItem.tsx(11,19): error TS2304: Cannot find name 'useTranslation'.
components/outfits/CommentItem.tsx(12,45): error TS2304: Cannot find name 'useState'.
components/outfits/CommentItem.tsx(13,49): error TS2304: Cannot find name 'useState'.
components/outfits/CommentItem.tsx(14,29): error TS2304: Cannot find name 'useState'.
components/outfits/CommentItem.tsx(16,24): error TS2304: Cannot find name 'useUserContext'.
components/outfits/CommentItem.tsx(17,32): error TS2304: Cannot find name 'useTheme'.
components/outfits/CommentItem.tsx(21,31): error TS2304: Cannot find name 'useFetchCommentsReplies'.
components/outfits/CommentItem.tsx(23,39): error TS2304: Cannot find name 'useDeleteCommentMutation'.
components/outfits/CommentItem.tsx(30,53): error TS2304: Cannot find name 'useCreateReplyMutation'.
components/outfits/CommentItem.tsx(38,13): error TS2304: Cannot find name 'Alert'.
components/outfits/CommentItem.tsx(47,13): error TS2304: Cannot find name 'Alert'.
components/outfits/CommentItem.tsx(51,61): error TS2304: Cannot find name 'useState'.
components/outfits/CommentItem.tsx(54,10): error TS2304: Cannot find name 'View'.
components/outfits/CommentItem.tsx(54,10): error TS2686: 'React' refers to a UMD global, but the current file is a module. Consider adding an import instead.
components/outfits/CommentItem.tsx(55,14): error TS2304: Cannot find name 'View'.
components/outfits/CommentItem.tsx(55,14): error TS2686: 'React' refers to a UMD global, but the current file is a module. Consider adding an import instead.
components/outfits/CommentItem.tsx(57,21): error TS2607: JSX element class does not support attributes because it does not have a 'props' property.
components/outfits/CommentItem.tsx(57,22): error TS2686: 'React' refers to a UMD global, but the current file is a module. Consider adding an import instead.
components/outfits/CommentItem.tsx(57,22): error TS2786: 'Image' cannot be used as a JSX component.
  Its type 'new (width?: number | undefined, height?: number | undefined) => HTMLImageElement' is not a valid JSX element type.
    Type 'new (width?: number | undefined, height?: number | undefined) => HTMLImageElement' is not assignable to type 'new (props: any, context: any) => Component<any, any, any>'.
      Type 'HTMLImageElement' is missing the following properties from type 'Component<any, any, any>': context, setState, forceUpdate, render, and 2 more.
components/outfits/CommentItem.tsx(59,22): error TS2304: Cannot find name 'View'.
components/outfits/CommentItem.tsx(59,22): error TS2686: 'React' refers to a UMD global, but the current file is a module. Consider adding an import instead.
components/outfits/CommentItem.tsx(61,15): error TS2304: Cannot find name 'View'.
components/outfits/CommentItem.tsx(62,14): error TS2304: Cannot find name 'View'.
components/outfits/CommentItem.tsx(62,14): error TS2686: 'React' refers to a UMD global, but the current file is a module. Consider adding an import instead.
components/outfits/CommentItem.tsx(63,18): error TS2304: Cannot find name 'View'.
components/outfits/CommentItem.tsx(63,18): error TS2686: 'React' refers to a UMD global, but the current file is a module. Consider adding an import instead.
components/outfits/CommentItem.tsx(64,22): error TS2304: Cannot find name 'View'.
components/outfits/CommentItem.tsx(64,22): error TS2686: 'React' refers to a UMD global, but the current file is a module. Consider adding an import instead.
components/outfits/CommentItem.tsx(65,26): error TS2304: Cannot find name 'View'.
components/outfits/CommentItem.tsx(65,26): error TS2686: 'React' refers to a UMD global, but the current file is a module. Consider adding an import instead.
components/outfits/CommentItem.tsx(66,30): error TS2304: Cannot find name 'View'.
components/outfits/CommentItem.tsx(66,30): error TS2686: 'React' refers to a UMD global, but the current file is a module. Consider adding an import instead.
components/outfits/CommentItem.tsx(67,34): error TS2304: Cannot find name 'Link'.
components/outfits/CommentItem.tsx(67,34): error TS2686: 'React' refers to a UMD global, but the current file is a module. Consider adding an import instead.
components/outfits/CommentItem.tsx(67,201): error TS2304: Cannot find name 'Link'.
components/outfits/CommentItem.tsx(68,33): error TS2607: JSX element class does not support attributes because it does not have a 'props' property.
components/outfits/CommentItem.tsx(68,34): error TS2686: 'React' refers to a UMD global, but the current file is a module. Consider adding an import instead.
components/outfits/CommentItem.tsx(68,34): error TS2786: 'Text' cannot be used as a JSX component.
  Its type '{ new (data?: string | undefined): Text; prototype: Text; }' is not a valid JSX element type.
    Type '{ new (data?: string | undefined): Text; prototype: Text; }' is not assignable to type 'new (props: any, context: any) => Component<any, any, any>'.
      Type 'Text' is missing the following properties from type 'Component<any, any, any>': context, setState, forceUpdate, render, and 2 more.
components/outfits/CommentItem.tsx(68,90): error TS2304: Cannot find name 'formatDate'.
components/outfits/CommentItem.tsx(69,31): error TS2304: Cannot find name 'View'.
components/outfits/CommentItem.tsx(70,29): error TS2607: JSX element class does not support attributes because it does not have a 'props' property.
components/outfits/CommentItem.tsx(70,30): error TS2686: 'React' refers to a UMD global, but the current file is a module. Consider adding an import instead.
components/outfits/CommentItem.tsx(70,30): error TS2786: 'Text' cannot be used as a JSX component.
  Its type '{ new (data?: string | undefined): Text; prototype: Text; }' is not a valid JSX element type.
    Type '{ new (data?: string | undefined): Text; prototype: Text; }' is not assignable to type 'new (props: any, context: any) => Component<any, any, any>'.
      Type 'Text' is missing the following properties from type 'Component<any, any, any>': context, setState, forceUpdate, render, and 2 more.
components/outfits/CommentItem.tsx(71,27): error TS2304: Cannot find name 'View'.
components/outfits/CommentItem.tsx(73,30): error TS2304: Cannot find name 'Pressable'.
components/outfits/CommentItem.tsx(73,30): error TS2686: 'React' refers to a UMD global, but the current file is a module. Consider adding an import instead.
components/outfits/CommentItem.tsx(78,34): error TS2304: Cannot find name 'Trash'.
components/outfits/CommentItem.tsx(78,34): error TS2686: 'React' refers to a UMD global, but the current file is a module. Consider adding an import instead.
components/outfits/CommentItem.tsx(79,31): error TS2304: Cannot find name 'Pressable'.
components/outfits/CommentItem.tsx(81,23): error TS2304: Cannot find name 'View'.
components/outfits/CommentItem.tsx(82,22): error TS2304: Cannot find name 'View'.
components/outfits/CommentItem.tsx(82,22): error TS2686: 'React' refers to a UMD global, but the current file is a module. Consider adding an import instead.
components/outfits/CommentItem.tsx(83,26): error TS2304: Cannot find name 'Pressable'.
components/outfits/CommentItem.tsx(83,26): error TS2686: 'React' refers to a UMD global, but the current file is a module. Consider adding an import instead.
components/outfits/CommentItem.tsx(88,29): error TS2607: JSX element class does not support attributes because it does not have a 'props' property.
components/outfits/CommentItem.tsx(88,30): error TS2686: 'React' refers to a UMD global, but the current file is a module. Consider adding an import instead.
components/outfits/CommentItem.tsx(88,30): error TS2786: 'Text' cannot be used as a JSX component.
  Its type '{ new (data?: string | undefined): Text; prototype: Text; }' is not a valid JSX element type.
    Type '{ new (data?: string | undefined): Text; prototype: Text; }' is not assignable to type 'new (props: any, context: any) => Component<any, any, any>'.
      Type 'Text' is missing the following properties from type 'Component<any, any, any>': context, setState, forceUpdate, render, and 2 more.
components/outfits/CommentItem.tsx(89,27): error TS2304: Cannot find name 'Pressable'.
components/outfits/CommentItem.tsx(91,30): error TS2304: Cannot find name 'Pressable'.
components/outfits/CommentItem.tsx(91,30): error TS2686: 'React' refers to a UMD global, but the current file is a module. Consider adding an import instead.
components/outfits/CommentItem.tsx(92,33): error TS2607: JSX element class does not support attributes because it does not have a 'props' property.
components/outfits/CommentItem.tsx(92,34): error TS2686: 'React' refers to a UMD global, but the current file is a module. Consider adding an import instead.
components/outfits/CommentItem.tsx(92,34): error TS2786: 'Text' cannot be used as a JSX component.
  Its type '{ new (data?: string | undefined): Text; prototype: Text; }' is not a valid JSX element type.
    Type '{ new (data?: string | undefined): Text; prototype: Text; }' is not assignable to type 'new (props: any, context: any) => Component<any, any, any>'.
      Type 'Text' is missing the following properties from type 'Component<any, any, any>': context, setState, forceUpdate, render, and 2 more.
components/outfits/CommentItem.tsx(93,31): error TS2304: Cannot find name 'Pressable'.
components/outfits/CommentItem.tsx(96,30): error TS2304: Cannot find name 'Pressable'.
components/outfits/CommentItem.tsx(96,30): error TS2686: 'React' refers to a UMD global, but the current file is a module. Consider adding an import instead.
components/outfits/CommentItem.tsx(97,33): error TS2607: JSX element class does not support attributes because it does not have a 'props' property.
components/outfits/CommentItem.tsx(97,34): error TS2686: 'React' refers to a UMD global, but the current file is a module. Consider adding an import instead.
components/outfits/CommentItem.tsx(97,34): error TS2786: 'Text' cannot be used as a JSX component.
  Its type '{ new (data?: string | undefined): Text; prototype: Text; }' is not a valid JSX element type.
    Type '{ new (data?: string | undefined): Text; prototype: Text; }' is not assignable to type 'new (props: any, context: any) => Component<any, any, any>'.
      Type 'Text' is missing the following properties from type 'Component<any, any, any>': context, setState, forceUpdate, render, and 2 more.
components/outfits/CommentItem.tsx(98,31): error TS2304: Cannot find name 'Pressable'.
components/outfits/CommentItem.tsx(100,23): error TS2304: Cannot find name 'View'.
components/outfits/CommentItem.tsx(101,22): error TS2686: 'React' refers to a UMD global, but the current file is a module. Consider adding an import instead.
components/outfits/CommentItem.tsx(105,19): error TS2304: Cannot find name 'View'.
components/outfits/CommentItem.tsx(108,22): error TS2304: Cannot find name 'View'.
components/outfits/CommentItem.tsx(108,22): error TS2686: 'React' refers to a UMD global, but the current file is a module. Consider adding an import instead.
components/outfits/CommentItem.tsx(109,38): error TS7006: Parameter 'reply' implicitly has an 'any' type.
components/outfits/CommentItem.tsx(110,30): error TS2686: 'React' refers to a UMD global, but the current file is a module. Consider adding an import instead.
components/outfits/CommentItem.tsx(118,23): error TS2304: Cannot find name 'View'.
components/outfits/CommentItem.tsx(122,22): error TS2304: Cannot find name 'View'.
components/outfits/CommentItem.tsx(122,22): error TS2686: 'React' refers to a UMD global, but the current file is a module. Consider adding an import instead.
components/outfits/CommentItem.tsx(123,26): error TS2304: Cannot find name 'View'.
components/outfits/CommentItem.tsx(123,26): error TS2686: 'React' refers to a UMD global, but the current file is a module. Consider adding an import instead.
components/outfits/CommentItem.tsx(124,30): error TS2304: Cannot find name 'TextInput'.
components/outfits/CommentItem.tsx(124,30): error TS2686: 'React' refers to a UMD global, but the current file is a module. Consider adding an import instead.
components/outfits/CommentItem.tsx(132,30): error TS2304: Cannot find name 'Pressable'.
components/outfits/CommentItem.tsx(132,30): error TS2686: 'React' refers to a UMD global, but the current file is a module. Consider adding an import instead.
components/outfits/CommentItem.tsx(138,34): error TS2304: Cannot find name 'Send'.
components/outfits/CommentItem.tsx(138,34): error TS2686: 'React' refers to a UMD global, but the current file is a module. Consider adding an import instead.
components/outfits/CommentItem.tsx(139,31): error TS2304: Cannot find name 'Pressable'.
components/outfits/CommentItem.tsx(140,27): error TS2304: Cannot find name 'View'.
components/outfits/CommentItem.tsx(141,26): error TS2304: Cannot find name 'Pressable'.
components/outfits/CommentItem.tsx(141,26): error TS2686: 'React' refers to a UMD global, but the current file is a module. Consider adding an import instead.
components/outfits/CommentItem.tsx(142,29): error TS2607: JSX element class does not support attributes because it does not have a 'props' property.
components/outfits/CommentItem.tsx(142,30): error TS2686: 'React' refers to a UMD global, but the current file is a module. Consider adding an import instead.
components/outfits/CommentItem.tsx(142,30): error TS2786: 'Text' cannot be used as a JSX component.
  Its type '{ new (data?: string | undefined): Text; prototype: Text; }' is not a valid JSX element type.
    Type '{ new (data?: string | undefined): Text; prototype: Text; }' is not assignable to type 'new (props: any, context: any) => Component<any, any, any>'.
      Type 'Text' is missing the following properties from type 'Component<any, any, any>': context, setState, forceUpdate, render, and 2 more.
components/outfits/CommentItem.tsx(143,27): error TS2304: Cannot find name 'Pressable'.
components/outfits/CommentItem.tsx(144,23): error TS2304: Cannot find name 'View'.
components/outfits/CommentItem.tsx(148,18): error TS2304: Cannot find name 'Modal'.
components/outfits/CommentItem.tsx(148,18): error TS2686: 'React' refers to a UMD global, but the current file is a module. Consider adding an import instead.
components/outfits/CommentItem.tsx(154,22): error TS2304: Cannot find name 'View'.
components/outfits/CommentItem.tsx(154,22): error TS2686: 'React' refers to a UMD global, but the current file is a module. Consider adding an import instead.
components/outfits/CommentItem.tsx(155,26): error TS2304: Cannot find name 'View'.
components/outfits/CommentItem.tsx(155,26): error TS2686: 'React' refers to a UMD global, but the current file is a module. Consider adding an import instead.
components/outfits/CommentItem.tsx(156,30): error TS2686: 'React' refers to a UMD global, but the current file is a module. Consider adding an import instead.
components/outfits/CommentItem.tsx(157,27): error TS2304: Cannot find name 'View'.
components/outfits/CommentItem.tsx(158,26): error TS2304: Cannot find name 'View'.
components/outfits/CommentItem.tsx(158,26): error TS2686: 'React' refers to a UMD global, but the current file is a module. Consider adding an import instead.
components/outfits/CommentItem.tsx(159,30): error TS2304: Cannot find name 'View'.
components/outfits/CommentItem.tsx(159,30): error TS2686: 'React' refers to a UMD global, but the current file is a module. Consider adding an import instead.
components/outfits/CommentItem.tsx(160,34): error TS2304: Cannot find name 'View'.
components/outfits/CommentItem.tsx(160,34): error TS2686: 'React' refers to a UMD global, but the current file is a module. Consider adding an import instead.
components/outfits/CommentItem.tsx(161,38): error TS2304: Cannot find name 'View'.
components/outfits/CommentItem.tsx(161,38): error TS2686: 'React' refers to a UMD global, but the current file is a module. Consider adding an import instead.
components/outfits/CommentItem.tsx(162,42): error TS2304: Cannot find name 'AlertTriangle'.
components/outfits/CommentItem.tsx(162,42): error TS2686: 'React' refers to a UMD global, but the current file is a module. Consider adding an import instead.
components/outfits/CommentItem.tsx(163,39): error TS2304: Cannot find name 'View'.
components/outfits/CommentItem.tsx(164,37): error TS2607: JSX element class does not support attributes because it does not have a 'props' property.
components/outfits/CommentItem.tsx(164,38): error TS2686: 'React' refers to a UMD global, but the current file is a module. Consider adding an import instead.
components/outfits/CommentItem.tsx(164,38): error TS2786: 'Text' cannot be used as a JSX component.
  Its type '{ new (data?: string | undefined): Text; prototype: Text; }' is not a valid JSX element type.
    Type '{ new (data?: string | undefined): Text; prototype: Text; }' is not assignable to type 'new (props: any, context: any) => Component<any, any, any>'.
      Type 'Text' is missing the following properties from type 'Component<any, any, any>': context, setState, forceUpdate, render, and 2 more.
components/outfits/CommentItem.tsx(165,35): error TS2304: Cannot find name 'View'.
components/outfits/CommentItem.tsx(166,34): error TS2304: Cannot find name 'TouchableOpacity'.
components/outfits/CommentItem.tsx(166,34): error TS2686: 'React' refers to a UMD global, but the current file is a module. Consider adding an import instead.
components/outfits/CommentItem.tsx(167,38): error TS2304: Cannot find name 'X'.
components/outfits/CommentItem.tsx(167,38): error TS2686: 'React' refers to a UMD global, but the current file is a module. Consider adding an import instead.
components/outfits/CommentItem.tsx(168,35): error TS2304: Cannot find name 'TouchableOpacity'.
components/outfits/CommentItem.tsx(169,31): error TS2304: Cannot find name 'View'.
components/outfits/CommentItem.tsx(170,29): error TS2607: JSX element class does not support attributes because it does not have a 'props' property.
components/outfits/CommentItem.tsx(170,30): error TS2686: 'React' refers to a UMD global, but the current file is a module. Consider adding an import instead.
components/outfits/CommentItem.tsx(170,30): error TS2786: 'Text' cannot be used as a JSX component.
  Its type '{ new (data?: string | undefined): Text; prototype: Text; }' is not a valid JSX element type.
    Type '{ new (data?: string | undefined): Text; prototype: Text; }' is not assignable to type 'new (props: any, context: any) => Component<any, any, any>'.
      Type 'Text' is missing the following properties from type 'Component<any, any, any>': context, setState, forceUpdate, render, and 2 more.
components/outfits/CommentItem.tsx(171,30): error TS2304: Cannot find name 'View'.
components/outfits/CommentItem.tsx(171,30): error TS2686: 'React' refers to a UMD global, but the current file is a module. Consider adding an import instead.
components/outfits/CommentItem.tsx(172,34): error TS2304: Cannot find name 'TouchableOpacity'.
components/outfits/CommentItem.tsx(172,34): error TS2686: 'React' refers to a UMD global, but the current file is a module. Consider adding an import instead.
components/outfits/CommentItem.tsx(173,37): error TS2607: JSX element class does not support attributes because it does not have a 'props' property.
components/outfits/CommentItem.tsx(173,38): error TS2686: 'React' refers to a UMD global, but the current file is a module. Consider adding an import instead.
components/outfits/CommentItem.tsx(173,38): error TS2786: 'Text' cannot be used as a JSX component.
  Its type '{ new (data?: string | undefined): Text; prototype: Text; }' is not a valid JSX element type.
    Type '{ new (data?: string | undefined): Text; prototype: Text; }' is not assignable to type 'new (props: any, context: any) => Component<any, any, any>'.
      Type 'Text' is missing the following properties from type 'Component<any, any, any>': context, setState, forceUpdate, render, and 2 more.
components/outfits/CommentItem.tsx(174,35): error TS2304: Cannot find name 'TouchableOpacity'.
components/outfits/CommentItem.tsx(175,34): error TS2304: Cannot find name 'TouchableOpacity'.
components/outfits/CommentItem.tsx(175,34): error TS2686: 'React' refers to a UMD global, but the current file is a module. Consider adding an import instead.
components/outfits/CommentItem.tsx(176,37): error TS2607: JSX element class does not support attributes because it does not have a 'props' property.
components/outfits/CommentItem.tsx(176,38): error TS2686: 'React' refers to a UMD global, but the current file is a module. Consider adding an import instead.
components/outfits/CommentItem.tsx(176,38): error TS2786: 'Text' cannot be used as a JSX component.
  Its type '{ new (data?: string | undefined): Text; prototype: Text; }' is not a valid JSX element type.
    Type '{ new (data?: string | undefined): Text; prototype: Text; }' is not assignable to type 'new (props: any, context: any) => Component<any, any, any>'.
      Type 'Text' is missing the following properties from type 'Component<any, any, any>': context, setState, forceUpdate, render, and 2 more.
components/outfits/CommentItem.tsx(177,35): error TS2304: Cannot find name 'TouchableOpacity'.
components/outfits/CommentItem.tsx(178,31): error TS2304: Cannot find name 'View'.
components/outfits/CommentItem.tsx(179,27): error TS2304: Cannot find name 'View'.
components/outfits/CommentItem.tsx(180,23): error TS2304: Cannot find name 'View'.
components/outfits/CommentItem.tsx(181,19): error TS2304: Cannot find name 'Modal'.
components/outfits/CommentItem.tsx(182,15): error TS2304: Cannot find name 'View'.
components/outfits/CommentItem.tsx(183,11): error TS2304: Cannot find name 'View'.
components/outfits/CommentReactions.tsx(3,32): error TS2307: Cannot find module '@/providers/userContext' or its corresponding type declarations.
components/outfits/CommentSection.tsx(9,32): error TS2307: Cannot find module '../../providers/userContext' or its corresponding type declarations.
features/auth/context/UserContext.tsx(1,30): error TS2307: Cannot find module '@/fetchers/fetchUser' or its corresponding type declarations.
